[opencoursehub.online/index.html]
[backblue.gif]
[fade.gif]
[index.html]
[opencoursehub.online/static/js/i18n/en/djangojs.0f66acafc573.js]
[opencoursehub.online/static/js/ie11_find_array.67b5a9edd5d5.js]
[opencoursehub.online/static/indigo/images/favicon.a30c5b7f3b1c.ico]
[opencoursehub.online/static/indigo/css/lms-style-vendor.68e48093f5dd.css]
[opencoursehub.online/static/indigo/css/lms-main-v1.be282bf2a533.css]
[opencoursehub.online/static/js/lms-main_vendor.211c5a13e466.js]
[opencoursehub.online/static/js/lms-application.e137e602d358.js]
[opencoursehub.online/static/lms/js/require-config.dc07836174b8.js]
[opencoursehub.online/static/index.html]
[opencoursehub.online/static/bundles/commons.49e16cd152ffd27a766e.d4c3538ac3c9.js]
[opencoursehub.online/static/indigo/images/logo.084faf06c64b.png]
[opencoursehub.online/courses.html]
[opencoursehub.online/asset-v1_OpenCourseX+DL_101+2024_T1+type@asset+block@images.jpg]
[opencoursehub.online/static/indigo/images/no_course_image.c4db57973bad.png]
[opencoursehub.online/courses/course-v1_OpenCourseX+DL_101+2024_T1/about.html]
[opencoursehub.online/asset-v1_OpenCourse+PY101+2024_T1+type@asset+block@a59ced696248.png]
[opencoursehub.online/courses/course-v1_OpenCourse+PY101+2024_T1/about.html]
[opencoursehub.online/asset-v1_OpenCourseX+BC_101+2024_T1+type@asset+block@images.jpg]
[opencoursehub.online/courses/course-v1_OpenCourseX+BC_101+2024_T1/about.html]
[opencoursehub.online/asset-v1_OpenCourseX+DM_101+2024_T1+type@asset+block@hq720.jpg]
[opencoursehub.online/courses/course-v1_OpenCourseX+DM_101+2024_T1/about.html]
[opencoursehub.online/asset-v1_OpenCourseX+DSYS_101+2024_T1+type@asset+block@images.jpg]
[opencoursehub.online/courses/course-v1_OpenCourseX+DSYS_101+2024_T1/about.html]
[opencoursehub.online/asset-v1_OpenCourseX+PSY_101+2024_T1+type@asset+block@hqdefault.jpg]
[opencoursehub.online/courses/course-v1_OpenCourseX+PSY_101+2024_T1/about.html]
[opencoursehub.online/asset-v1_OpenCourseX+LEAD_101+2024_T1+type@asset+block@hq720.jpg]
[opencoursehub.online/courses/course-v1_OpenCourseX+LEAD_101+2024_T1/about.html]
[opencoursehub.online/static/indigo/images/tutor-logo.fbf9ac1f2615.png]
[opencoursehub.online/static/indigo/images/openedx-logo.e783f426da35.png]
[opencoursehub.online/about.1f.delayed]
[opencoursehub.online/blog.html]
[opencoursehub.online/donate.html]
[opencoursehub.online/tos.html]
[opencoursehub.online/privacy.html]
[opencoursehub.online/help.html]
[opencoursehub.online/contact.25.delayed]
[opencoursehub.online/static/js/vendor/noreferrer.aa62a3e70ffa.js]
[opencoursehub.online/static/js/utils/navigation.5a78fd05918f.js]
[opencoursehub.online/static/js/header/header.5d27dd11cfda.js]
[opencoursehub.online/static/js/src/jquery_extend_patch.54dddef28d15.js]
[opencoursehub.online/index.html]
[opencoursehub.online/static/fonts/vendor/fontawesome-webfont.25a32416abee5b62.eot]
[opencoursehub.online/static/fonts/vendor/fontawesome-webfont.25a32416abeed41d.eot]
[opencoursehub.online/static/fonts/vendor/fontawesome-webfont.e6cf7c6ec7c25b62.woff2]
[opencoursehub.online/static/fonts/vendor/fontawesome-webfont.c8ddf1e5e5bf5b62.woff]
[opencoursehub.online/static/fonts/vendor/fontawesome-webfont.1dc35d25e61d5b62.ttf]
[opencoursehub.online/static/indigo/css/lms-style-vendor.68e48093f5dd.css]
[opencoursehub.online/static/fonts/vendor/fontawesome-webfont.d7c639084f685b62.svg]
[opencoursehub.online/static/fonts/CreativeCommons/cc.1e88b5e25694.eot]
[opencoursehub.online/static/fonts/CreativeCommons/cc.4056dea56c31.woff]
[opencoursehub.online/static/fonts/CreativeCommons/cc.ae5bfe84d5e1.ttf]
[opencoursehub.online/static/fonts/CreativeCommons/cc.5d1b3e457ec3.svg]
[opencoursehub.online/static/images/programs/xseries-icon.517989d98885.svg]
[opencoursehub.online/static/images/programs/micromasters-icon.eeed247d5c89.svg]
[opencoursehub.online/static/images/bg-footer-divider.1aab2089decb.jpg]
[opencoursehub.online/static/images/homepage-hero-video-thumb.182306c70abe.jpg]
[opencoursehub.online/static/images/icon-sm-verified.d8923fc267da.png]
[opencoursehub.online/static/images/edx-theme/edx-background-banner-account.3c2aa612edd3.png]
[opencoursehub.online/static/images/opencourseware.166b4100e393.png]
[opencoursehub.online/static/images/link-icon.631337d37249.png]
[opencoursehub.online/static/images/bullet-closed.bc57a77c0245.png]
[opencoursehub.online/static/images/bullet-open.72845175fef7.png]
[opencoursehub.online/static/images/icon-sm-professional.f80f246d188f.png]
[opencoursehub.online/static/images/verified-ribbon.2a7eb60ed330.png]
[opencoursehub.online/static/images/certificates/audit.24fb9e64fdae.png]
[opencoursehub.online/static/images/certificates/honor.24fb9e64fdae.png]
[opencoursehub.online/static/images/certificates/verified.24fb9e64fdae.png]
[opencoursehub.online/static/images/certificates/professional.24fb9e64fdae.png]
[opencoursehub.online/static/indigo/fonts/IBMPlexSans-Light.9b169eeb4ff5.ttf]
[opencoursehub.online/static/indigo/fonts/IBMPlexSans-LightItalic.c52fb8438652.ttf]
[opencoursehub.online/static/indigo/fonts/IBMPlexSans-Regular.0b5a85206a5a.ttf]
[opencoursehub.online/static/indigo/fonts/IBMPlexSans-Italic.9a83928f064c.ttf]
[opencoursehub.online/static/indigo/fonts/IBMPlexSans-SemiBold.04dc4a923cb3.ttf]
[opencoursehub.online/static/indigo/fonts/IBMPlexSans-SemiBoldItalic.cbf5052b4048.ttf]
[opencoursehub.online/static/indigo/fonts/IBMPlexSans-Bold.8c2f67f41e21.ttf]
[opencoursehub.online/static/indigo/fonts/IBMPlexSans-BoldItalic.5fddf6998891.ttf]
[opencoursehub.online/static/indigo/fonts/CrimsonText-Regular.62f10d46561e.ttf]
[opencoursehub.online/static/indigo/fonts/CrimsonText-Italic.7261d84f2e06.ttf]
[opencoursehub.online/static/indigo/fonts/CrimsonText-SemiBold.d87ac1af7b34.ttf]
[opencoursehub.online/static/indigo/fonts/CrimsonText-SemiBoldItalic.667f7d9b47af.ttf]
[opencoursehub.online/static/indigo/fonts/CrimsonText-Bold.89b16aa6c493.ttf]
[opencoursehub.online/static/indigo/fonts/CrimsonText-BoldItalic.42e41d53a8fc.ttf]
[opencoursehub.online/static/indigo/css/lms-main-v1.be282bf2a533.css]
[opencoursehub.online/static/index.html]
[opencoursehub.online/static/js/discovery/discovery_factory.5a8debc42f61bdd1.js]
[opencoursehub.online/courses.html]
[opencoursehub.online/static/common/js/vendor/bootstrap.bundle.a52ef1b9edda.js]
[opencoursehub.online/static/images/placeholder-faculty.4640df65662e.png]
[opencoursehub.online/courses/course-v1_OpenCourseX+DL_101+2024_T1/about.html]
[opencoursehub.online/static/js/course_info.0e87d00513f1.js]
[opencoursehub.online/courses/course-v1_OpenCourse+PY101+2024_T1/about.html]
[opencoursehub.online/courses/course-v1_OpenCourseX+BC_101+2024_T1/about.html]
[opencoursehub.online/courses/course-v1_OpenCourseX+DM_101+2024_T1/about.html]
[opencoursehub.online/courses/course-v1_OpenCourseX+DSYS_101+2024_T1/about.html]
[opencoursehub.online/courses/course-v1_OpenCourseX+PSY_101+2024_T1/about.html]
[opencoursehub.online/courses/course-v1_OpenCourseX+LEAD_101+2024_T1/about.html]
[opencoursehub.online/blog.html]
[opencoursehub.online/static/indigo/images/blog.d40dd4775fda.svg]
[opencoursehub.online/donate.html]
[opencoursehub.online/static/indigo/images/donate.591760e85d84.svg]
[opencoursehub.online/tos.html]
[opencoursehub.online/static/indigo/images/tos.cc3e236fdc1d.svg]
[opencoursehub.online/privacy.html]
[opencoursehub.online/static/indigo/images/privacy.64cc9ad7a880.svg]
[opencoursehub.online/help.html]
[opencoursehub.online/static/fonts/vendor/fontawesome-webfont.d7c639084f685b62.svg]
[opencoursehub.online/static/fonts/CreativeCommons/cc.5d1b3e457ec3.svg]
[opencoursehub.online/static/images/programs/xseries-icon.517989d98885.svg]
[opencoursehub.online/static/images/programs/micromasters-icon.eeed247d5c89.svg]
[opencoursehub.online/static/indigo/images/blog.d40dd4775fda.svg]
[opencoursehub.online/static/indigo/images/donate.591760e85d84.svg]
[opencoursehub.online/static/indigo/images/tos.cc3e236fdc1d.svg]
[opencoursehub.online/static/indigo/images/privacy.64cc9ad7a880.svg]
[opencoursehub.online/static/indigo/images/help.ebc5c2e66876.svg]
[opencoursehub.online/static/indigo/images/help.ebc5c2e66876.svg]
[opencoursehub.online/about.html]
[opencoursehub.online/contact.html]
